Info: Generated by version: 19.1 build 240
Info: Starting: Create block symbol file (.bsf)
Info: qsys-generate C:\Users\DE10\ADASEC-SDN\1.hw\rtl\ex_100g.ip --block-symbol-file --output-directory=C:\Users\DE10\ADASEC-SDN\1.hw\rtl\ex_100g --family="Stratix 10" --part=1SX280HU2F50E1VG
Info: ex_100g.ex_100g_inst: If AN/LT is enabled then clk_status and reconfig_clk must be fed by the same clock source
Info: ex_100g.ex_100g_inst: TXPLL move to outside of IP 2
Info: qsys-generate succeeded.
Info: Finished: Create block symbol file (.bsf)
Info: 
Info: Starting: Create HDL design files for synthesis
Info: qsys-generate C:\Users\DE10\ADASEC-SDN\1.hw\rtl\ex_100g.ip --synthesis=VERILOG --output-directory=C:\Users\DE10\ADASEC-SDN\1.hw\rtl\ex_100g --family="Stratix 10" --part=1SX280HU2F50E1VG
Info: ex_100g.ex_100g_inst: If AN/LT is enabled then clk_status and reconfig_clk must be fed by the same clock source
Info: ex_100g.ex_100g_inst: TXPLL move to outside of IP 2
Info: ex_100g_inst.atx_pll_s100: For the selected device(1SX280HU2F50E1VG), PLL speed grade is 2.
Info: ex_100g_inst.caui4_xcvr: The TX PCS-Core Interface FIFO is operating in full-rate transfer mode.
Info: ex_100g_inst.caui4_xcvr: The RX PCS-Core Interface FIFO is operating in full-rate transfer mode.
Info: ex_100g_inst.caui4_xcvr: For the selected device(1SX280HU2F50E1VG), transceiver speed grade is 2 and core speed grade is 1.
Info: ex_100g_inst.caui4_xcvr: Simplified data interface has been enabled. The Native PHY will present the data/control interface for the current configuration only. Dynamic reconfiguration of the data interface cannot be supported. The unused_tx_parallel_data and unused_tx_control ports should be connected to 0.
Info: ex_100g_inst.caui4_xcvr: For current configuration, TX PCS FIFO depth is "16" and TX Core FIFO depth is "32".
Info: ex_100g_inst.caui4_xcvr: For current configuration, RX PCS FIFO depth is "16" and RX Core FIFO depth is "64".
Info: ex_100g_inst.caui4_xcvr: "PCS clkout" (pcs_clkout) is selected to drive tx_clkout port and the clock frequency is 402.832031 MHz.
Info: ex_100g_inst.caui4_xcvr: "pma_div_clkout" is selected to drive tx_clkout2 port and it should not be used for register mode data transfers (Relevant parameter: "Selected tx_clkout2 clock source" (tx_clkout2_sel)).
Info: ex_100g_inst.caui4_xcvr: "PCS clkout" (pcs_clkout) is selected to drive rx_clkout port and the clock frequency is 402.832031 MHz.
Info: ex_100g_inst.caui4_xcvr: "pma_div_clkout" is selected to drive rx_clkout2 port and it should not be used for register mode data transfers (Relevant parameter: "Selected rx_clkout2 clock source" (rx_clkout2_sel)).
Info: ex_100g_inst.caui4_xcvr: A design example cannot be generated for "Tx PLL reference clock frequency"=="125.0" && "Selected CDR reference clock frequency"=="644.531250"
Info: ex_100g_inst.caui4_xcvr: For multi channel configurations, a design example cannot be generated unless "Provide separate interface for each channel" is selected.
Info: ex_100g_inst.caui4_xcvr: Note - The external TX PLL IP must be configured with an output clock frequency of 12890.625 MHz.
Info: ex_100g_inst.altera_xcvr_fpll_s10_tx_ext: For the selected device(1SX280HU2F50E1VG), PLL speed grade is 2.
Info: ex_100g: "Transforming system: ex_100g"
Info: ex_100g: "Naming system components in system: ex_100g"
Info: ex_100g: "Processing generation queue"
Info: ex_100g: "Generating: ex_100g"
Info: ex_100g: "Generating: ex_100g_alt_e100s10_1910_sgjuooq"
Info: ex_100g_inst: Current dir is C:/intelFPGA_pro/19.1/ip/altera/ethernet/alt_e100s10/hwtcl
Info: atx_pll_s100: "Generating: atx_pll_s100"
Info: caui4_xcvr: "Generating: caui4_xcvr"
Info: s10_xcvr_reset_controller: "Generating: s10_xcvr_reset_controller"
Info: altera_xcvr_fpll_s10_tx_ext: "Generating: altera_xcvr_fpll_s10_tx_ext"
Info: alt_e100s10_jtag_avalon: "Generating: alt_e100s10_jtag_avalon"
Info: ex_100g: "Generating: atx_pll_s100"
Info: ex_100g: "Generating: ex_100g_alt_e100s10_1910_msocaki"
Info: ex_100g: "Generating: s10_xcvr_reset_controller"
Info: ex_100g: "Generating: altera_xcvr_fpll_s10_tx_ext"
Info: ex_100g: "Generating: alt_e100s10_jtag_avalon"
Info: ex_100g: "Generating: ex_100g_altera_xcvr_atx_pll_s10_htile_191_3kcg2aa"
Info: atx_pll_s100: add_fileset_file ./altera_std_synchronizer_nocut.v VERILOG PATH ../../../../primitives/altera_std_synchronizer/altera_std_synchronizer_nocut.v
Info: atx_pll_s100: add_fileset_file ./alt_xcvr_resync.sv SYSTEM_VERILOG PATH ../../../../altera_xcvr_generic/ctrl/alt_xcvr_resync.sv
Info: atx_pll_s100: add_fileset_file ./alt_xcvr_arbiter.sv SYSTEM_VERILOG PATH ../../../../altera_xcvr_generic/ctrl/alt_xcvr_arbiter.sv
Info: atx_pll_s100: add_fileset_file ./s10_avmm_h.sv SYSTEM_VERILOG PATH ../../../altera_xcvr_native_phy/altera_xcvr_native_s10/source/s10_avmm_h.sv
Info: atx_pll_s100: add_fileset_file ./altera_xcvr_native_s10_functions_h.sv SYSTEM_VERILOG PATH ../../../altera_xcvr_native_phy/altera_xcvr_native_s10/source/altera_xcvr_native_s10_functions_h.sv
Info: atx_pll_s100: add_fileset_file ./alt_xcvr_native_anlg_reset_seq.sv SYSTEM_VERILOG PATH ../../../altera_xcvr_native_phy/altera_xcvr_native_s10/source/alt_xcvr_native_anlg_reset_seq.sv
Info: atx_pll_s100: add_fileset_file ./alt_xcvr_pll_rcfg_arb.sv SYSTEM_VERILOG PATH ../../common/alt_xcvr_pll_rcfg_arb.sv
Info: atx_pll_s100: add_fileset_file ./alt_xcvr_pll_embedded_debug.sv SYSTEM_VERILOG PATH ../../common/alt_xcvr_pll_embedded_debug.sv
Info: atx_pll_s100: add_fileset_file ./alt_xcvr_pll_avmm_csr.sv SYSTEM_VERILOG PATH ../../common/alt_xcvr_pll_avmm_csr.sv
Info: ex_100g: "Generating: ex_100g_altera_xcvr_native_s10_htile_191_qufrg4q"
Info: caui4_xcvr: add_fileset_file ./alt_xcvr_arbiter.sv SYSTEM_VERILOG PATH ../../../../altera_xcvr_generic/ctrl/alt_xcvr_arbiter.sv
Info: caui4_xcvr: add_fileset_file ./altera_std_synchronizer_nocut.v VERILOG PATH ../../../../primitives/altera_std_synchronizer/altera_std_synchronizer_nocut.v
Info: caui4_xcvr: add_fileset_file ./alt_xcvr_resync_std.sv SYSTEM_VERILOG PATH ../../../alt_xcvr_generic/alt_xcvr_resync_std.sv
Info: caui4_xcvr: add_fileset_file ./alt_xcvr_reset_counter_s10.sv SYSTEM_VERILOG PATH ../../../altera_xcvr_reset_control_s10/alt_xcvr_reset_counter_s10.sv
Info: caui4_xcvr: add_fileset_file ./altera_xcvr_native_s10_functions_h.sv SYSTEM_VERILOG PATH ../../altera_xcvr_native_s10/source/altera_xcvr_native_s10_functions_h.sv
Info: caui4_xcvr: add_fileset_file ./s10_avmm_h.sv SYSTEM_VERILOG PATH ../../altera_xcvr_native_s10/source/s10_avmm_h.sv
Info: caui4_xcvr: add_fileset_file ./alt_xcvr_native_avmm_csr.sv SYSTEM_VERILOG PATH ../../altera_xcvr_native_s10/source/alt_xcvr_native_avmm_csr.sv
Info: caui4_xcvr: add_fileset_file ./alt_xcvr_native_prbs_accum.sv SYSTEM_VERILOG PATH ../../altera_xcvr_native_s10/source/alt_xcvr_native_prbs_accum.sv
Info: caui4_xcvr: add_fileset_file ./alt_xcvr_native_odi_accel.sv SYSTEM_VERILOG PATH ../../altera_xcvr_native_s10/source/alt_xcvr_native_odi_accel.sv
Info: caui4_xcvr: add_fileset_file ./alt_xcvr_native_rcfg_arb.sv SYSTEM_VERILOG PATH ../../altera_xcvr_native_s10/source/alt_xcvr_native_rcfg_arb.sv
Info: caui4_xcvr: add_fileset_file ./alt_xcvr_early_spd_chng_s10_htile.sv SYSTEM_VERILOG PATH ../../altera_xcvr_native_s10/source/alt_xcvr_early_spd_chng_s10_htile.sv
Info: caui4_xcvr: add_fileset_file ./alt_xcvr_native_anlg_reset_seq.sv SYSTEM_VERILOG PATH ../../altera_xcvr_native_s10/source/alt_xcvr_native_anlg_reset_seq.sv
Info: caui4_xcvr: add_fileset_file ./alt_xcvr_native_dig_reset_seq.sv SYSTEM_VERILOG PATH ../../altera_xcvr_native_s10/source/alt_xcvr_native_dig_reset_seq.sv
Info: caui4_xcvr: add_fileset_file ./alt_xcvr_native_reset_seq.sv SYSTEM_VERILOG PATH ../../altera_xcvr_native_s10/source/alt_xcvr_native_reset_seq.sv
Info: caui4_xcvr: add_fileset_file ./alt_xcvr_native_anlg_reset_seq_wrapper.sv SYSTEM_VERILOG PATH ../../altera_xcvr_native_s10/source/alt_xcvr_native_anlg_reset_seq_wrapper.sv
Info: caui4_xcvr: add_fileset_file ./alt_xcvr_native_re_cal_chnl.v VERILOG PATH ../../altera_xcvr_native_s10/source/alt_xcvr_native_re_cal_chnl.v
Info: caui4_xcvr: add_fileset_file ./alt_xcvr_pcie_rx_eios_prot.sv SYSTEM_VERILOG PATH ../../altera_xcvr_native_s10/source/alt_xcvr_pcie_rx_eios_prot.sv
Info: caui4_xcvr: Building configuration data for reconfiguration profile 0
Info: ex_100g: "Generating: altera_xcvr_reset_control_s10"
Info: s10_xcvr_reset_controller: add_fileset_file ./altera_std_synchronizer_nocut.v VERILOG PATH ../../../primitives/altera_std_synchronizer/altera_std_synchronizer_nocut.v
Info: s10_xcvr_reset_controller: add_fileset_file ./alt_xcvr_resync_std.sv SYSTEM_VERILOG PATH ../../alt_xcvr_generic/alt_xcvr_resync_std.sv
Info: s10_xcvr_reset_controller: add_fileset_file ./altera_xcvr_reset_control_s10.sv SYSTEM_VERILOG PATH ..//altera_xcvr_reset_control_s10.sv
Info: s10_xcvr_reset_controller: add_fileset_file ./alt_xcvr_reset_counter_s10.sv SYSTEM_VERILOG PATH ..//alt_xcvr_reset_counter_s10.sv
Info: ex_100g: "Generating: ex_100g_altera_xcvr_fpll_s10_htile_191_jh5viiy"
Info: altera_xcvr_fpll_s10_tx_ext: add_fileset_file ./altera_std_synchronizer_nocut.v VERILOG PATH ../../../../primitives/altera_std_synchronizer/altera_std_synchronizer_nocut.v
Info: altera_xcvr_fpll_s10_tx_ext: add_fileset_file ./s10_avmm_h.sv SYSTEM_VERILOG PATH ../../../altera_xcvr_native_phy/altera_xcvr_native_s10/source/s10_avmm_h.sv
Info: altera_xcvr_fpll_s10_tx_ext: add_fileset_file ./altera_xcvr_native_s10_functions_h.sv SYSTEM_VERILOG PATH ../../../altera_xcvr_native_phy/altera_xcvr_native_s10/source/altera_xcvr_native_s10_functions_h.sv
Info: altera_xcvr_fpll_s10_tx_ext: add_fileset_file ./alt_xcvr_native_anlg_reset_seq.sv SYSTEM_VERILOG PATH ../../../altera_xcvr_native_phy/altera_xcvr_native_s10/source/alt_xcvr_native_anlg_reset_seq.sv
Info: altera_xcvr_fpll_s10_tx_ext: add_fileset_file ./alt_xcvr_pll_rcfg_arb.sv SYSTEM_VERILOG PATH ../../common/alt_xcvr_pll_rcfg_arb.sv
Info: altera_xcvr_fpll_s10_tx_ext: add_fileset_file ./alt_xcvr_pll_embedded_debug.sv SYSTEM_VERILOG PATH ../../common/alt_xcvr_pll_embedded_debug.sv
Info: altera_xcvr_fpll_s10_tx_ext: add_fileset_file ./alt_xcvr_pll_avmm_csr.sv SYSTEM_VERILOG PATH ../../common/alt_xcvr_pll_avmm_csr.sv
Info: altera_xcvr_fpll_s10_tx_ext: add_fileset_file ./alt_xcvr_resync.sv SYSTEM_VERILOG PATH ../../../../altera_xcvr_generic/ctrl/alt_xcvr_resync.sv
Info: altera_xcvr_fpll_s10_tx_ext: add_fileset_file ./alt_xcvr_arbiter.sv SYSTEM_VERILOG PATH ../../../../altera_xcvr_generic/ctrl/alt_xcvr_arbiter.sv
Info: ex_100g: "Generating: ex_100g_altera_jtag_avalon_master_191_3zppvky"
Info: ex_100g: "Generating: altera_avalon_st_jtag_interface"
Info: ex_100g: "Generating: ex_100g_timing_adapter_191_rrgemwi"
Info: ex_100g: "Generating: ex_100g_altera_avalon_sc_fifo_191_e5eqkcq"
Info: ex_100g: "Generating: altera_avalon_st_bytes_to_packets"
Info: ex_100g: "Generating: altera_avalon_st_packets_to_bytes"
Info: ex_100g: "Generating: altera_avalon_packets_to_master"
Info: ex_100g: "Generating: ex_100g_channel_adapter_191_uc27kqq"
Info: ex_100g: "Generating: ex_100g_channel_adapter_191_cco4x3a"
Info: ex_100g: "Generating: altera_reset_controller"
Info: ex_100g: Done "ex_100g" with 21 modules, 391 files
Info: qsys-generate succeeded.
Info: Finished: Create HDL design files for synthesis
