Info: Generated by version: 19.1 build 240
Info: Starting: Create block symbol file (.bsf)
Info: qsys-generate C:\Users\DE10\ADASEC-SDN\1.hw\rtl\alt_e100s10_jtag_avalon.ip --block-symbol-file --output-directory=C:\Users\DE10\ADASEC-SDN\1.hw\rtl\alt_e100s10_jtag_avalon --family="Stratix 10" --part=1SX280HU2F50E1VG
Info: qsys-generate succeeded.
Info: Finished: Create block symbol file (.bsf)
Info: 
Info: Starting: Create HDL design files for synthesis
Info: qsys-generate C:\Users\DE10\ADASEC-SDN\1.hw\rtl\alt_e100s10_jtag_avalon.ip --synthesis=VERILOG --output-directory=C:\Users\DE10\ADASEC-SDN\1.hw\rtl\alt_e100s10_jtag_avalon --family="Stratix 10" --part=1SX280HU2F50E1VG
Info: alt_e100s10_jtag_avalon: "Transforming system: alt_e100s10_jtag_avalon"
Info: alt_e100s10_jtag_avalon: "Naming system components in system: alt_e100s10_jtag_avalon"
Info: alt_e100s10_jtag_avalon: "Processing generation queue"
Info: alt_e100s10_jtag_avalon: "Generating: alt_e100s10_jtag_avalon"
Info: alt_e100s10_jtag_avalon: "Generating: alt_e100s10_jtag_avalon_altera_jtag_avalon_master_191_3zppvky"
Info: alt_e100s10_jtag_avalon: "Generating: altera_avalon_st_jtag_interface"
Info: alt_e100s10_jtag_avalon: "Generating: alt_e100s10_jtag_avalon_timing_adapter_191_rrgemwi"
Info: alt_e100s10_jtag_avalon: "Generating: alt_e100s10_jtag_avalon_altera_avalon_sc_fifo_191_e5eqkcq"
Info: alt_e100s10_jtag_avalon: "Generating: altera_avalon_st_bytes_to_packets"
Info: alt_e100s10_jtag_avalon: "Generating: altera_avalon_st_packets_to_bytes"
Info: alt_e100s10_jtag_avalon: "Generating: altera_avalon_packets_to_master"
Info: alt_e100s10_jtag_avalon: "Generating: alt_e100s10_jtag_avalon_channel_adapter_191_uc27kqq"
Info: alt_e100s10_jtag_avalon: "Generating: alt_e100s10_jtag_avalon_channel_adapter_191_cco4x3a"
Info: alt_e100s10_jtag_avalon: "Generating: altera_reset_controller"
Info: alt_e100s10_jtag_avalon: Done "alt_e100s10_jtag_avalon" with 11 modules, 23 files
Info: qsys-generate succeeded.
Info: Finished: Create HDL design files for synthesis
